# 📄 RESUME

이름 (한글/영문): 전정배 (Jeongbae Jun)
    연락처: 010-9339-8785
    이메일: lowshot31@gmail.com
    GitHub 주소: https://github.com/lowshot31/lowshot31


> **"구현을 통해 기술을 검증하고, 소통으로 팀의 가치를 높이는 개발자"**
>
> 1년 5개월의 실무 경험을 통해, 레거시 환경의 불편함을 자동화 도구로 개선한 경험이 있습니다.
> 복잡한 로직을 기획자의 언어로 번역하는 '소통 능력'을 바탕으로, 팀 전체의 가치를 높이는 엔지니어가 되겠습니다.

## 🛠 TECH STACKS

| Category | Skills |
| :--- | :--- |
| **CRM & Cloud** | **Salesforce** (Experience Cloud, Web-to-Lead) |
| **Backend** | Python (Asyncio, Selenium, Faker, Pandas), Java (Spring Boot 3.4, MyBatis, JPA) |
| **Monitoring** | Datadog (Logs API 연동), Cloud Logging |
| **Database** | Oracle 19c, MySQL|

### 1. ㈜아이비엔티 (IBNT)
**솔루션 개발팀 / 사원** | 2021.11 - 2023.04 (1년 5개월)

*   **사내 라이선스 모니터링 시스템 개발 (Python, PyQt)**
    *   **[상황]** 고가의 SW 라이선스 수량을 엑셀로 수기 관리하여 갱신 누락 및 현황 파악 불가 문제 발생.
    *   **[해결]** 로그 파일을 파싱하여 실시간 라이선스 점유율을 집계하는 데스크톱 애플리케이션(PyQt) 직접 설계 및 개발.
    *   **[결과]** 관리자용 리포트 자동화 기능을 통해 **수기 관리의 비효율 제거** 및 데이터 기반의 라이선스 구매 의사결정 지원.
*   **CAD 부품 데이터 모델링 및 기능 유지보수(Python, PyQt)**
    * 사용자 요구사항에 맞춰 부품 카테고리 구조를 유연하게 확장하고, 관련 UI/UX 및 데이터 처리 로직을 수정하여 프로그램 범용성 확보.

### 2. 국립고궁박물관 (프로젝트 프리랜서)
**전시 콘텐츠 개발** | 2024.07 - 2024.09 (3개월)

*   **전시 안내 로봇(Clobot) 인터랙티브 웹 게임 개발**
    *   **[역할]** 로봇 디스플레이에 탑재되는 '드래그 앤 드롭' 웹 게임의 프론트엔드(JS) 로직 구현.
    *   **[협업]** 외부 로봇 하드웨어 업체와 협업하여 터치 인터페이스의 좌표 오차를 보정하고, 관람객 경험(UX) 최적화.

### 1. Pre - 세일즈포스 고객기반 프로젝트
**Experience Cloud 기반 리드(Lead) 수집 자동화** | 2025.11 - 2026.01 (5인)

*   **역할**: Salesforce Experience Cloud 구축, 외부 웹 데이터 연동 로직 설계 및 아이디어 제안
*   **성과**:
    *   **Web-to-Lead 구현**: 외부 웹사이트의 고객 문의 폼(Form) 데이터를 Salesforce Lead 개체로 자동 적재하는 파이프라인 구축.
    *   **위치 기반 할당**: 고객의 주소 좌표(Geolocation)를 기반으로 가장 가까운 지점에 영업 기회를 자동 배정하는 **Assignment Rule** 로직 구현.

### 2. GCP-Datadog 로그 모니터링 연동 테스트
**클라우드 로그 수집 및 데이터 검증** | 2025.10 - 2025.11 (2인)

*   **역할**: 프로젝트 아이디어 제안, Datadog 연동 구현, Faker 기반 가상 데이터 생성
*   **성과**:
    *   **Datadog 연동**: GCP Cloud Run 로그를 Datadog으로 전송하도록 설정하고 실시간 수집 상태 확인.
    *   **가상 데이터 생성 (Python/Faker)**: 모니터링 시스템 검증을 위해 **Faker 라이브러리를 활용한 로그 생성 스크립트**를 직접 개발하여 Access, Security 등 다양한 조건의 로그를 시뮬레이션함.

### 3. Coinbot - 실시간 가상자산 급등 감지 시스템
**Python Asyncio 비동기 프로그래밍** | 2025.08 - 2025.09 (1인)

*   **역할**: 전체 코드 비동기 프로그래밍 및 텔레그램 API 연동
*   **성과**: `asyncio` 기반의 비동기 I/O 처리를 통해, 단일 스레드로도 지연 없이 대량의 시세 데이터를 실시간 스캔하는 텔레그램 봇 구현.

### 4. Global_in (Sell_Buy) - 커머스 프로젝트
**Spring Boot 백엔드 & 제품 데이터 ETL 파이프라인** | 2025.01 - 2025.02 (팀)

*   **역할**: 프로젝트 기획 및 기술 스택 선정, 백엔드 개발 리딩, 대규모 제품 정보 크롤링 및 카테고리 계층 구조 적재 파이프라인 구축
*   **성과**:
    *   **기술 의사결정**: 데이터 수집의 유연성을 위해 Python(Selenium)을, 시스템 안정성을 위해 Java(Spring Boot)를 결합한 **하이브리드 아키텍처 도입**.
    *   **제품 데이터 ETL (productCrawling)**: 대규모 제품 데이터를 스크래핑하고, Pandas를 활용해 중복 제거 및 데이터 정제를 거쳐 Oracle DB에 적재하는 **Full-cycle 데이터 파이프라인** 개발.
    *   **카테고리 계층 구조 최적화**: `defaultdict` 기반의 계층 생성 알고리즘을 통해 복잡한 제품 카테고리(대/중/소)를 논리적으로 구조화하고 DB 연동 성공.
    *   **기획 및 구현**: 중고거래 사이트 비즈니스 로직을 분석하여 배송 추적, 주문 상태 자동 업데이트 등 핵심 기능 직접 구현.

> ※ 별도 성과: 개인적으로 편의점 3사(CU, GS25, Emart)의 행사 상품 정보를 수집하는 크롤링 자동화 데몬을 추가 개발하여 데이터 다양성 확보.

### 🛡️ 직무 강점: 개발자와 비개발자를 잇는 '기술 통역사'
저의 가장 큰 경쟁력은 복잡한 기술적 개념을 상대방의 눈높이에 맞춰 설명하는 '소통 능력'입니다. 이는 다양한 부서와 협업해야 하는 엔지니어로서 업무 효율을 높이는 핵심 역량입니다.
현재 수강 중인 **'AI CRM 개발자 양성 과정'**에서 비전공자 동료들에게 로직을 쉬운 비유로 설명하며 학습을 도왔습니다. 특히 팀 프로젝트에서는 기획 파트와 개발 파트 사이에서 기술적 구현 가능 여부를 조율하는 '중간 다리' 역할을 수행하여 프로젝트 완성도를 높이는 데 기여하고 있습니다.

### ✨ 성격의 장점: 새로운 기술을 향한 호기심과 주도적 학습
저는 기술적 호기심을 해결하기 위해 직접 부딪히고 배우는 것을 즐깁니다. AI 음성 모델, WebUI 기반 이미지 생성 툴, 실시간 텔레그램 봇, GCP-Datadog 연동 등 업무 외 시간에도 끊임없이 새로운 기술을 탐구합니다. 이러한 주도적인 학습 태도는 어떠한 기술 환경에서도 빠르게 적응하여 팀에 기여할 수 있는 저의 자산입니다.

### 🔍 성격의 단점: 깊은 몰입과 우선순위 관리
하나의 기술적 문제에 직면하면 해결할 때까지 깊게 몰입하는 경향이 있습니다. 이를 보완하기 위해 매일 업무 시작 전 **'To-do-list'**를 작성하여 업무의 중요도와 긴급성을 시각적으로 관리합니다. 이를 통해 체계적으로 시간을 분배하고 동료들과 진행 상황을 투명하게 공유하며 협업 효율을 높이고 있습니다.

### 🚀 입사 후 포부: 데이터 가치를 창출하는 백엔드 엔지니어
**[단기: 팀의 리소스를 아껴주는 'Efficiency Maker']**
입사 직후에는 팀 내에서 반복되는 수작업이나 비효율적인 프로세스를 찾아 개선하는 데 집중하겠습니다. 과거 사내 라이선스 관리 툴을 직접 개발해 리소스를 절감하고, 크롤링 봇으로 데이터 수집을 자동화했던 경험을 살려, 팀원들이 본질적인 개발 업무에만 집중할 수 있도록 돕는 **'업무 자동화/효율화'**에 기여하겠습니다.

**[장기: 비즈니스 인사이트를 제공하는 'Data Specialist']**
3년 후에는 축적된 도메인 데이터를 분석하여 비즈니스 성장을 돕는 핵심 개발자로 성장하겠습니다. 안정적인 백엔드 시스템을 구축하는 것을 넘어, **Datadog과 Salesforce**를 통해 수집된 데이터 속에서 서비스 개선의 실마리를 찾아내고, 이를 기술적으로 구현해내는 대체 불가능한 팀원이 되겠습니다.

## 🎓 EDUCATION & OTHERS

*   **교육 수강**: AI CRM 개발자 양성 과정 (2024.12 - 현재)
    글로벌IT인재개발원 풀스택 웹 개발자 프로그램 | 2021.02 – 2021.08
    글로벌IN 캐리어 프로그램 (일본 취업트랙)    | 2024.09 – 2025.02

*   **최종 학력**: 전남도립대학교 미래자동차과 졸업 (2021.02)

*   **보유 자격**: 자동차 정비 기능사 (한국산업인력공단, 2017)